[
  {
    "raw": "[[OTM-1 Before]]",
    "embed": false,
    "target": "OTM-1 Before",
    "heading": null,
    "alias": null,
    "name": "OTM-1 Before"
  },
  {
    "raw": "[[OTM-2 After]]",
    "embed": false,
    "target": "OTM-2 After",
    "heading": null,
    "alias": null,
    "name": "OTM-2 After"
  },
  {
    "raw": "[[OTM-3 After a lone backtick]]",
    "embed": false,
    "target": "OTM-3 After a lone backtick",
    "heading": null,
    "alias": null,
    "name": "OTM-3 After a lone backtick"
  },
  {
    "raw": "[[OTM-4 After a blank line]]",
    "embed": false,
    "target": "OTM-4 After a blank line",
    "heading": null,
    "alias": null,
    "name": "OTM-4 After a blank line"
  },
  {
    "raw": "[[OTM-5 Between mismatched runs]]",
    "embed": false,
    "target": "OTM-5 Between mismatched runs",
    "heading": null,
    "alias": null,
    "name": "OTM-5 Between mismatched runs"
  },
  {
    "raw": "[[OTM-6 Not fenced]]",
    "embed": false,
    "target": "OTM-6 Not fenced",
    "heading": null,
    "alias": null,
    "name": "OTM-6 Not fenced"
  }
]
