[
  {
    "raw": "[[OTM-1 Before]]",
    "embed": false,
    "target": "OTM-1 Before",
    "heading": null,
    "alias": null,
    "name": "OTM-1 Before"
  },
  {
    "raw": "[[OTM-2 After]]",
    "embed": false,
    "target": "OTM-2 After",
    "heading": null,
    "alias": null,
    "name": "OTM-2 After"
  },
  {
    "raw": "[[OTM-3 After a lone backtick]]",
    "embed": false,
    "target": "OTM-3 After a lone backtick",
    "heading": null,
    "alias": null,
    "name": "OTM-3 After a lone backtick"
  },
  {
    "raw": "[[OTM-4 After a blank line]]",
    "embed": false,
    "target": "OTM-4 After a blank line",
    "heading": null,
    "alias": null,
    "name": "OTM-4 After a blank line"
  },
  {
    "raw": "[[OTM-5 Between mismatched runs]]",
    "embed": false,
    "target": "OTM-5 Between mismatched runs",
    "heading": null,
    "alias": null,
    "name": "OTM-5 Between mismatched runs"
  },
  {
    "raw": "[[OTM-6 Not fenced]]",
    "embed": false,
    "target": "OTM-6 Not fenced",
    "heading": null,
    "alias": null,
    "name": "OTM-6 Not fenced"
  },
  {
    "raw": "[[OTM-7 After indented code]]",
    "embed": false,
    "target": "OTM-7 After indented code",
    "heading": null,
    "alias": null,
    "name": "OTM-7 After indented code"
  },
  {
    "raw": "[[OTM-8 Paragraph continuation]]",
    "embed": false,
    "target": "OTM-8 Paragraph continuation",
    "heading": null,
    "alias": null,
    "name": "OTM-8 Paragraph continuation"
  },
  {
    "raw": "[[OTM-9 List content]]",
    "embed": false,
    "target": "OTM-9 List content",
    "heading": null,
    "alias": null,
    "name": "OTM-9 List content"
  },
  {
    "raw": "[[OTM-10 Nested list content]]",
    "embed": false,
    "target": "OTM-10 Nested list content",
    "heading": null,
    "alias": null,
    "name": "OTM-10 Nested list content"
  }
]
