[
  {
    "raw": "[[OTM-1 Handle sync collisions]]",
    "embed": false,
    "target": "OTM-1 Handle sync collisions",
    "heading": null,
    "alias": null,
    "name": "OTM-1 Handle sync collisions"
  },
  {
    "raw": "[[OTM-2 Item file format|the format spec]]",
    "embed": false,
    "target": "OTM-2 Item file format",
    "heading": null,
    "alias": "the format spec",
    "name": "OTM-2 Item file format"
  },
  {
    "raw": "[[OTM-2 Item file format#Comments]]",
    "embed": false,
    "target": "OTM-2 Item file format",
    "heading": "Comments",
    "alias": null,
    "name": "OTM-2 Item file format"
  },
  {
    "raw": "[[OTM-2 Item file format#^abc123]]",
    "embed": false,
    "target": "OTM-2 Item file format",
    "heading": "^abc123",
    "alias": null,
    "name": "OTM-2 Item file format"
  },
  {
    "raw": "[[OTM-3 Why#Goals|why]]",
    "embed": false,
    "target": "OTM-3 Why",
    "heading": "Goals",
    "alias": "why",
    "name": "OTM-3 Why"
  },
  {
    "raw": "![[OTM-4 Diagram]]",
    "embed": true,
    "target": "OTM-4 Diagram",
    "heading": null,
    "alias": null,
    "name": "OTM-4 Diagram"
  },
  {
    "raw": "![[OTM-4 Diagram#Flow|flow]]",
    "embed": true,
    "target": "OTM-4 Diagram",
    "heading": "Flow",
    "alias": "flow",
    "name": "OTM-4 Diagram"
  },
  {
    "raw": "[[Projects/OTM/Specs/OTM-2 Item file format]]",
    "embed": false,
    "target": "Projects/OTM/Specs/OTM-2 Item file format",
    "heading": null,
    "alias": null,
    "name": "OTM-2 Item file format"
  },
  {
    "raw": "[[Projects/OTM/Issues/OTM-1 Handle sync collisions.md|sync]]",
    "embed": false,
    "target": "Projects/OTM/Issues/OTM-1 Handle sync collisions.md",
    "heading": null,
    "alias": "sync",
    "name": "OTM-1 Handle sync collisions"
  },
  {
    "raw": "[[OTM-5 Notes.md]]",
    "embed": false,
    "target": "OTM-5 Notes.md",
    "heading": null,
    "alias": null,
    "name": "OTM-5 Notes"
  },
  {
    "raw": "[[#Acceptance criteria]]",
    "embed": false,
    "target": "",
    "heading": "Acceptance criteria",
    "alias": null,
    "name": ""
  },
  {
    "raw": "[[OTM-6 One]]",
    "embed": false,
    "target": "OTM-6 One",
    "heading": null,
    "alias": null,
    "name": "OTM-6 One"
  },
  {
    "raw": "[[OTM-7 Two]]",
    "embed": false,
    "target": "OTM-7 Two",
    "heading": null,
    "alias": null,
    "name": "OTM-7 Two"
  },
  {
    "raw": "![[OTM-8 Three]]",
    "embed": true,
    "target": "OTM-8 Three",
    "heading": null,
    "alias": null,
    "name": "OTM-8 Three"
  },
  {
    "raw": "[[OTM-9 Listed]]",
    "embed": false,
    "target": "OTM-9 Listed",
    "heading": null,
    "alias": null,
    "name": "OTM-9 Listed"
  },
  {
    "raw": "[[OTM-10 Quoted]]",
    "embed": false,
    "target": "OTM-10 Quoted",
    "heading": null,
    "alias": null,
    "name": "OTM-10 Quoted"
  },
  {
    "raw": "[[OTM-11 Tabled]]",
    "embed": false,
    "target": "OTM-11 Tabled",
    "heading": null,
    "alias": null,
    "name": "OTM-11 Tabled"
  },
  {
    "raw": "[[OTM-12 Tabled\\|alias]]",
    "embed": false,
    "target": "OTM-12 Tabled",
    "heading": null,
    "alias": "alias",
    "name": "OTM-12 Tabled"
  },
  {
    "raw": "[[OTM-13 Tabled#H\\|h]]",
    "embed": false,
    "target": "OTM-13 Tabled",
    "heading": "H",
    "alias": "h",
    "name": "OTM-13 Tabled"
  }
]
