$ otman edit RET-1 --title New title: rewritten
tty: true
fault: injected
exit: 1
-- stdout --
-- stderr --
error[io_error]: injected crash at journal step 1

$ otman view RET-3
tty: true
exit: 0
-- stdout --
RET-3 · Links in code
issue · open · unassigned
Author: talvor · created 2026-01-01T10:00:00Z · updated 2026-01-01T10:00:00Z
Blocks: RET-2
Path: Projects/RET/Issues/RET-3 Links in code.md

Inline code `[[RET-1 Old title]]` and ``code with ` and [[RET-1 Old title]]`` stay.

```markdown
A fenced [[RET-1 Old title]] stays.
```

~~~
A tilde fence [[RET-1 Old title|too]] stays.
~~~

After the code, [[RET-1 New title rewritten]] is rewritten.
-- stderr --
warning[resumed_operation]: finished an interrupted retitle of RET-1: Projects/RET/Issues/RET-1 Old title.md → Projects/RET/Issues/RET-1 New title rewritten.md
hint: nothing to do; otman completed the operation before running this command

$ otman edit RET-3 --title Code links --json
fault: injected
exit: 1
-- stdout --
-- stderr --
{
  "schema_version": 1,
  "error": {
    "code": "io_error",
    "message": "injected crash at journal step 0",
    "details": null,
    "hint": null
  }
}

$ otman list --json
exit: 0
-- stdout --
{
  "schema_version": 1,
  "data": {
    "items": [
      {
        "id": "RET-1",
        "title": "New title: rewritten",
        "kind": "issue",
        "status": "open",
        "labels": [],
        "assignee": null,
        "parent": null,
        "blocked_by": [],
        "path": "Projects/RET/Issues/RET-1 New title rewritten.md",
        "rev": "7b14538f9344"
      },
      {
        "id": "RET-2",
        "title": "Every link form",
        "kind": "issue",
        "status": "open",
        "labels": [],
        "assignee": null,
        "parent": {
          "id": "RET-1",
          "path": "Projects/RET/Issues/RET-1 New title rewritten.md",
          "resolved": true
        },
        "blocked_by": [
          {
            "id": "RET-1",
            "path": "Projects/RET/Issues/RET-1 New title rewritten.md",
            "resolved": true
          },
          {
            "id": "RET-3",
            "path": "Projects/RET/Issues/RET-3 Code links.md",
            "resolved": true
          }
        ],
        "path": "Projects/RET/Issues/RET-2 Every link form.md",
        "rev": "e7ae2c5b9f11"
      },
      {
        "id": "RET-3",
        "title": "Code links",
        "kind": "issue",
        "status": "open",
        "labels": [],
        "assignee": null,
        "parent": null,
        "blocked_by": [],
        "path": "Projects/RET/Issues/RET-3 Code links.md",
        "rev": "998bde5c063a"
      },
      {
        "id": "RET-4",
        "title": "Path links",
        "kind": "spec",
        "status": "open",
        "labels": [],
        "assignee": null,
        "parent": {
          "id": "RET-1",
          "path": "Projects/RET/Issues/RET-1 New title rewritten.md",
          "resolved": true
        },
        "blocked_by": [],
        "path": "Projects/RET/Specs/RET-4 Path links.md",
        "rev": "cb7378cd053e"
      }
    ],
    "total": 4,
    "count": 4,
    "has_more": false
  },
  "warnings": [
    {
      "code": "resumed_operation",
      "message": "finished an interrupted retitle of RET-3: Projects/RET/Issues/RET-3 Links in code.md → Projects/RET/Issues/RET-3 Code links.md",
      "details": {
        "from": "Projects/RET/Issues/RET-3 Links in code.md",
        "item": "RET-3",
        "journal": ".otman/journal/retitle-RET-3.json",
        "operation": "retitle",
        "to": "Projects/RET/Issues/RET-3 Code links.md"
      },
      "hint": "nothing to do; otman completed the operation before running this command"
    }
  ]
}
-- stderr --

$ otman edit RET-3 --title Links in code --json
fault: injected
exit: 1
-- stdout --
-- stderr --
{
  "schema_version": 1,
  "error": {
    "code": "io_error",
    "message": "injected crash at journal step 3",
    "details": null,
    "hint": null
  }
}

$ otman list
exit: 0
-- stdout --
items[4]:
  - id: RET-1
    title: "New title: rewritten"
    kind: issue
    status: open
    labels[0]:
    assignee: null
    parent: null
    blocked_by[0]:
    path: Projects/RET/Issues/RET-1 New title rewritten.md
    rev: 7b14538f9344
  - id: RET-2
    title: Every link form
    kind: issue
    status: open
    labels[0]:
    assignee: null
    parent:
      id: RET-1
      path: Projects/RET/Issues/RET-1 New title rewritten.md
      resolved: true
    blocked_by[2]{id,path,resolved}:
      RET-1,Projects/RET/Issues/RET-1 New title rewritten.md,true
      RET-3,Projects/RET/Issues/RET-3 Links in code.md,true
    path: Projects/RET/Issues/RET-2 Every link form.md
    rev: fdcf3f0d76d2
  - id: RET-3
    title: Links in code
    kind: issue
    status: open
    labels[0]:
    assignee: null
    parent: null
    blocked_by[0]:
    path: Projects/RET/Issues/RET-3 Links in code.md
    rev: d84c4bd08e64
  - id: RET-4
    title: Path links
    kind: spec
    status: open
    labels[0]:
    assignee: null
    parent:
      id: RET-1
      path: Projects/RET/Issues/RET-1 New title rewritten.md
      resolved: true
    blocked_by[0]:
    path: Projects/RET/Specs/RET-4 Path links.md
    rev: cb7378cd053e
total: 4
count: 4
has_more: false
-- stderr --
warning:
  code: resumed_operation
  message: "finished an interrupted retitle of RET-3: Projects/RET/Issues/RET-3 Code links.md → Projects/RET/Issues/RET-3 Links in code.md"
  details:
    from: Projects/RET/Issues/RET-3 Code links.md
    item: RET-3
    journal: .otman/journal/retitle-RET-3.json
    operation: retitle
    to: Projects/RET/Issues/RET-3 Links in code.md
  hint: nothing to do; otman completed the operation before running this command

== tree ==
config/
config/otman/
-- config/otman/config.toml --
vault = "$WORK/vault"
project = "RET"
home/
vault/
vault/.otman/
-- vault/.otman/.gitignore --
*
-- vault/.otman/lock --
-- vault/.otman/otman.db --
[sqlite database]
vault/.trash/
-- vault/.trash/Deleted.md --
A hidden folder: [[RET-1 Old title]] is left alone.
vault/Notes/
-- vault/Notes/Broken frontmatter.md --
---
title: [unclosed
---
The body of a note with unreadable frontmatter still links to [[RET-1 New title rewritten]].
-- vault/Notes/Daily.md --
A daily note outside Projects: [[RET-1 New title rewritten|today]].
Windows line endings stay.
vault/Projects/
vault/Projects/OTH/
vault/Projects/OTH/Issues/
-- vault/Projects/OTH/Issues/OTH-1 Elsewhere.md --
---
id: OTH-1
title: Elsewhere
aliases:
  - Elsewhere
kind: issue
status: open
author: null
parent: null
blocked_by: []
labels: []
assignee: null
created: 2026-01-01T10:00:00Z
updated: 2026-01-01T10:00:00Z
---
Another Project links to [[RET-1 New title rewritten]] too.

<!-- otman:comments -->
## Comments
-- vault/Projects/OTH/OTH.md --
---
name: Other
kind: project
---
vault/Projects/RET/
vault/Projects/RET/Issues/
-- vault/Projects/RET/Issues/RET-1 New title rewritten.md --
---
id: RET-1
title: 'New title: rewritten'
aliases:
  - 'New title: rewritten'
  - The first one
kind: issue
status: open
author: talvor
parent: null
blocked_by: []
labels: []
assignee: null
created: 2026-01-01T10:00:00Z
updated: 2026-01-02T03:04:05Z
---
Links to itself: [[RET-1 New title rewritten#Notes|the notes]] and [[#Notes]].

## Notes

Nothing yet. ^block1

<!-- otman:comments -->
## Comments

### 2026-01-01T10:30:00Z · talvor
Renamed from [[RET-1 New title rewritten]] soon.
-- vault/Projects/RET/Issues/RET-2 Every link form.md --
---
id: RET-2
title: Every link form
aliases:
  - Every link form
kind: issue
status: open
author: talvor
parent: "[[RET-1 New title rewritten]]"
blocked_by:
  - "[[RET-1 New title rewritten|the old one]]"
  - "[[RET-3 Links in code]]"
labels: []
assignee: null
# related is not a relation, so its link is left alone
related: "[[RET-1 Old title]]"
created: 2026-01-01T10:00:00Z
updated: 2026-01-01T10:00:00Z
---
- plain: [[RET-1 New title rewritten]]
- alias: [[RET-1 New title rewritten|the first]]
- heading: [[RET-1 New title rewritten#Notes]]
- heading and alias: [[RET-1 New title rewritten#Notes|notes]]
- block: [[RET-1 New title rewritten#^block1]]
- embed: ![[RET-1 New title rewritten]]
- embed with heading: ![[RET-1 New title rewritten#Notes]]
- extension: [[RET-1 New title rewritten.md]]
- other case: [[RET-1 New title rewritten]]
- spaced: [[ RET-1 New title rewritten |spaced]]
- two on a line: [[RET-1 New title rewritten]], [[RET-1 New title rewritten|again]]
- not this one: [[RET-1 Old title extra]], [[RET-10 Old title]], [[RET-3 Links in code]]

<!-- otman:comments -->
## Comments

### 2026-01-01T10:30:00Z · talvor
Blocked on [[RET-1 New title rewritten]].
-- vault/Projects/RET/Issues/RET-3 Links in code.md --
---
id: RET-3
title: Links in code
aliases:
  - Links in code
kind: issue
status: open
author: talvor
parent: null
blocked_by: []
labels: []
assignee: null
created: 2026-01-01T10:00:00Z
updated: 2026-01-02T03:04:05Z
---
Inline code `[[RET-1 Old title]]` and ``code with ` and [[RET-1 Old title]]`` stay.

```markdown
A fenced [[RET-1 Old title]] stays.
```

~~~
A tilde fence [[RET-1 Old title|too]] stays.
~~~

After the code, [[RET-1 New title rewritten]] is rewritten.

<!-- otman:comments -->
## Comments
-- vault/Projects/RET/RET.md --
---
name: Retitles
kind: project
---
Start at [[RET-1 New title rewritten]].
vault/Projects/RET/Specs/
-- vault/Projects/RET/Specs/RET-4 Path links.md --
---
id: RET-4
title: Path links
aliases:
  - Path links
kind: spec
status: open
author: talvor
parent: "[[Projects/RET/Issues/RET-1 New title rewritten|the parent]]"
blocked_by: []
labels: []
assignee: null
created: 2026-01-01T10:00:00Z
updated: 2026-01-01T10:00:00Z
---
- full path: [[Projects/RET/Issues/RET-1 New title rewritten]]
- full path with extension and alias: [[Projects/RET/Issues/RET-1 New title rewritten.md|alias]]
- rooted: [[/Projects/RET/Issues/RET-1 New title rewritten]]
- suffix with heading: [[Issues/RET-1 New title rewritten#Notes]]
- suffix embed: ![[Issues/RET-1 New title rewritten.md]]
- wrong folder, not a match: [[Specs/RET-1 Old title]]

<!-- otman:comments -->
## Comments
