$ otman list
tty: true
exit: 0
-- stdout --
ID      KIND   STATUS  ASSIGNEE  TITLE
OTM-1   issue  open    agent-b   Handle sync collisions
OTM-3   prd    open    -         Why a tracker
OTM-4   issue  open    talvor    Status bar
OTM-9   spec   open    -         Paging spec
OTM-10  issue  open    Talvor    Sync tens after nines
-- stderr --
warning[invalid_status]: OTM-5 has no status, not open or closed, so it is not listed
hint: 'otman view OTM-5' shows it; run 'otman reopen OTM-5' or 'otman close OTM-5' to set it
warning[invalid_status]: OTM-6 has status "wip", not open or closed, so it is not listed
hint: 'otman view OTM-6' shows it; run 'otman reopen OTM-6' or 'otman close OTM-6' to set it
warning[malformed_frontmatter]: cannot read the frontmatter of Projects/OTM/Issues/OTM-7 Unreadable.md: the frontmatter is not valid YAML: yaml: line 1: did not find expected ',' or ']'
hint: fix the YAML between the --- lines in Projects/OTM/Issues/OTM-7 Unreadable.md
warning[duplicate_number]: OTM-4 is the number of 2 Items: Projects/OTM/Issues/OTM-4 Status bar.md, Projects/OTM/PRDs/OTM-4 Status bar copy.md
hint: name one by its full filename or Vault-relative path; 'otman doctor --fix' renumbers all but the one created first

$ otman list
exit: 0
-- stdout --
items[5]:
  - id: OTM-1
    title: Handle sync collisions
    kind: issue
    status: open
    labels[0]:
    assignee: agent-b
    parent: null
    blocked_by[0]:
    path: Projects/OTM/Issues/OTM-1 Handle sync collisions.md
    rev: 708d6e111003
  - id: OTM-3
    title: Why a tracker
    kind: prd
    status: open
    labels[1]: needs-triage
    assignee: null
    parent:
      id: OTM-2
      path: Projects/OTM/Specs/OTM-2 Item file format.md
      resolved: true
    blocked_by[2]:
      - id: OTM-1
        path: Projects/OTM/Issues/OTM-1 Handle sync collisions.md
        resolved: true
      - id: null
        path: null
        resolved: false
        link: "[[OTM-99 Gone]]"
    path: Projects/OTM/PRDs/OTM-3 Why a tracker.md
    rev: d30216406556
  - id: OTM-4
    title: Status bar
    kind: issue
    status: open
    labels[0]:
    assignee: talvor
    parent: null
    blocked_by[0]:
    path: Projects/OTM/Issues/OTM-4 Status bar.md
    rev: 2b1867e2909d
  - id: OTM-9
    title: Paging spec
    kind: spec
    status: open
    labels[0]:
    assignee: null
    parent: null
    blocked_by[0]:
    path: Projects/OTM/Specs/OTM-9 Paging spec.md
    rev: 0441c51bb723
  - id: OTM-10
    title: Sync tens after nines
    kind: issue
    status: open
    labels[0]:
    assignee: Talvor
    parent: null
    blocked_by[0]:
    path: Projects/OTM/Issues/OTM-10 Sync tens after nines.md
    rev: 49a604977d7c
total: 5
count: 5
has_more: false
-- stderr --
warning:
  code: invalid_status
  message: "OTM-5 has no status, not open or closed, so it is not listed"
  details:
    id: OTM-5
    path: Projects/OTM/Issues/OTM-5 No status.md
    status: null
  hint: 'otman view OTM-5' shows it; run 'otman reopen OTM-5' or 'otman close OTM-5' to set it
warning:
  code: invalid_status
  message: "OTM-6 has status \"wip\", not open or closed, so it is not listed"
  details:
    id: OTM-6
    path: Projects/OTM/Issues/OTM-6 Odd status.md
    status: wip
  hint: 'otman view OTM-6' shows it; run 'otman reopen OTM-6' or 'otman close OTM-6' to set it
warning:
  code: malformed_frontmatter
  message: "cannot read the frontmatter of Projects/OTM/Issues/OTM-7 Unreadable.md: the frontmatter is not valid YAML: yaml: line 1: did not find expected ',' or ']'"
  details:
    path: Projects/OTM/Issues/OTM-7 Unreadable.md
  hint: fix the YAML between the --- lines in Projects/OTM/Issues/OTM-7 Unreadable.md
warning:
  code: duplicate_number
  message: "OTM-4 is the number of 2 Items: Projects/OTM/Issues/OTM-4 Status bar.md, Projects/OTM/PRDs/OTM-4 Status bar copy.md"
  details:
    id: OTM-4
    paths[2]: Projects/OTM/Issues/OTM-4 Status bar.md,Projects/OTM/PRDs/OTM-4 Status bar copy.md
  hint: name one by its full filename or Vault-relative path; 'otman doctor --fix' renumbers all but the one created first

$ otman list --json
exit: 0
-- stdout --
{
  "schema_version": 1,
  "data": {
    "items": [
      {
        "id": "OTM-1",
        "title": "Handle sync collisions",
        "kind": "issue",
        "status": "open",
        "labels": [],
        "assignee": "agent-b",
        "parent": null,
        "blocked_by": [],
        "path": "Projects/OTM/Issues/OTM-1 Handle sync collisions.md",
        "rev": "708d6e111003"
      },
      {
        "id": "OTM-3",
        "title": "Why a tracker",
        "kind": "prd",
        "status": "open",
        "labels": [
          "needs-triage"
        ],
        "assignee": null,
        "parent": {
          "id": "OTM-2",
          "path": "Projects/OTM/Specs/OTM-2 Item file format.md",
          "resolved": true
        },
        "blocked_by": [
          {
            "id": "OTM-1",
            "path": "Projects/OTM/Issues/OTM-1 Handle sync collisions.md",
            "resolved": true
          },
          {
            "id": null,
            "path": null,
            "resolved": false,
            "link": "[[OTM-99 Gone]]"
          }
        ],
        "path": "Projects/OTM/PRDs/OTM-3 Why a tracker.md",
        "rev": "d30216406556"
      },
      {
        "id": "OTM-4",
        "title": "Status bar",
        "kind": "issue",
        "status": "open",
        "labels": [],
        "assignee": "talvor",
        "parent": null,
        "blocked_by": [],
        "path": "Projects/OTM/Issues/OTM-4 Status bar.md",
        "rev": "2b1867e2909d"
      },
      {
        "id": "OTM-9",
        "title": "Paging spec",
        "kind": "spec",
        "status": "open",
        "labels": [],
        "assignee": null,
        "parent": null,
        "blocked_by": [],
        "path": "Projects/OTM/Specs/OTM-9 Paging spec.md",
        "rev": "0441c51bb723"
      },
      {
        "id": "OTM-10",
        "title": "Sync tens after nines",
        "kind": "issue",
        "status": "open",
        "labels": [],
        "assignee": "Talvor",
        "parent": null,
        "blocked_by": [],
        "path": "Projects/OTM/Issues/OTM-10 Sync tens after nines.md",
        "rev": "49a604977d7c"
      }
    ],
    "total": 5,
    "count": 5,
    "has_more": false
  },
  "warnings": [
    {
      "code": "invalid_status",
      "message": "OTM-5 has no status, not open or closed, so it is not listed",
      "details": {
        "id": "OTM-5",
        "path": "Projects/OTM/Issues/OTM-5 No status.md",
        "status": null
      },
      "hint": "'otman view OTM-5' shows it; run 'otman reopen OTM-5' or 'otman close OTM-5' to set it"
    },
    {
      "code": "invalid_status",
      "message": "OTM-6 has status \"wip\", not open or closed, so it is not listed",
      "details": {
        "id": "OTM-6",
        "path": "Projects/OTM/Issues/OTM-6 Odd status.md",
        "status": "wip"
      },
      "hint": "'otman view OTM-6' shows it; run 'otman reopen OTM-6' or 'otman close OTM-6' to set it"
    },
    {
      "code": "malformed_frontmatter",
      "message": "cannot read the frontmatter of Projects/OTM/Issues/OTM-7 Unreadable.md: the frontmatter is not valid YAML: yaml: line 1: did not find expected ',' or ']'",
      "details": {
        "path": "Projects/OTM/Issues/OTM-7 Unreadable.md"
      },
      "hint": "fix the YAML between the --- lines in Projects/OTM/Issues/OTM-7 Unreadable.md"
    },
    {
      "code": "duplicate_number",
      "message": "OTM-4 is the number of 2 Items: Projects/OTM/Issues/OTM-4 Status bar.md, Projects/OTM/PRDs/OTM-4 Status bar copy.md",
      "details": {
        "id": "OTM-4",
        "paths": [
          "Projects/OTM/Issues/OTM-4 Status bar.md",
          "Projects/OTM/PRDs/OTM-4 Status bar copy.md"
        ]
      },
      "hint": "name one by its full filename or Vault-relative path; 'otman doctor --fix' renumbers all but the one created first"
    }
  ]
}
-- stderr --

$ otman list --json
env: OTM_PROJECT=WEB
exit: 0
-- stdout --
{
  "schema_version": 1,
  "data": {
    "items": [
      {
        "id": "WEB-1",
        "title": "Landing page",
        "kind": "prd",
        "status": "open",
        "labels": [],
        "assignee": null,
        "parent": null,
        "blocked_by": [],
        "path": "Projects/WEB/PRDs/WEB-1 Landing page.md",
        "rev": "a59863cde4ae"
      }
    ],
    "total": 1,
    "count": 1,
    "has_more": false
  },
  "warnings": []
}
-- stderr --

== tree ==
config/
config/otman/
-- config/otman/config.toml --
vault = "$WORK/vault"
project = "OTM"
home/
vault/
vault/.otman/
-- vault/.otman/.gitignore --
*
-- vault/.otman/lock --
-- vault/.otman/otman.db --
[sqlite database]
vault/Projects/
vault/Projects/AAA/
-- vault/Projects/AAA/AAA.md --
---
name: first
kind: project
---
vault/Projects/AAA/Issues/
-- vault/Projects/AAA/Issues/AAA-1 Set up the repo.md --
---
id: AAA-1
title: Set up the repo
kind: issue
status: open
parent: null
blocked_by: []
labels: []
assignee: null
---
<!-- otman:comments -->
## Comments
vault/Projects/OTM/
vault/Projects/OTM/Issues/
-- vault/Projects/OTM/Issues/OTM-1 Handle sync collisions.md --
---
id: OTM-1
title: Handle sync collisions
kind: issue
status: open
parent: null
blocked_by: []
labels: []
assignee: agent-b
---
Detect duplicate numbers and report both paths.
<!-- otman:comments -->
## Comments

### 2026-01-01T10:30:00Z · talvor
A needle only in a comment.
-- vault/Projects/OTM/Issues/OTM-10 Sync tens after nines.md --
---
id: OTM-10
title: Sync tens after nines
kind: issue
status: open
parent: null
blocked_by: []
labels: []
assignee: Talvor
---
<!-- otman:comments -->
## Comments
-- vault/Projects/OTM/Issues/OTM-4 Status bar.md --
---
id: OTM-4
title: Status bar
kind: issue
status: open
parent: null
blocked_by: []
labels: []
assignee: talvor
---
<!-- otman:comments -->
## Comments
-- vault/Projects/OTM/Issues/OTM-5 No status.md --
---
id: OTM-5
title: No status
kind: issue
parent: null
blocked_by: []
labels: []
assignee: null
---
<!-- otman:comments -->
## Comments
-- vault/Projects/OTM/Issues/OTM-6 Odd status.md --
---
id: OTM-6
title: Odd status
kind: issue
status: wip
parent: null
blocked_by: []
labels: []
assignee: null
---
<!-- otman:comments -->
## Comments
-- vault/Projects/OTM/Issues/OTM-7 Unreadable.md --
---
status: [open
---
Sync body.
-- vault/Projects/OTM/OTM.md --
---
name: otman
kind: project
---
vault/Projects/OTM/PRDs/
-- vault/Projects/OTM/PRDs/OTM-3 Why a tracker.md --
---
id: OTM-3
title: Why a tracker
kind: prd
status: open
parent: "[[OTM-2 Item file format]]"
blocked_by:
  - "[[OTM-1 Handle sync collisions]]"
  - "[[OTM-99 Gone]]"
labels: [needs-triage]
assignee: null
---
Agents need somewhere to put work. RESYNC on wake.
<!-- otman:comments -->
## Comments
-- vault/Projects/OTM/PRDs/OTM-4 Status bar copy.md --
---
id: OTM-4
title: Status bar copy
kind: prd
status: closed
parent: null
blocked_by: []
labels: []
assignee: talvor
---
<!-- otman:comments -->
## Comments
vault/Projects/OTM/Specs/
-- vault/Projects/OTM/Specs/OTM-2 Item file format.md --
---
id: OTM-2
title: Item file format
kind: spec
status: closed
parent: null
blocked_by: []
labels: []
assignee: null
---
Frontmatter, body and comments.
<!-- otman:comments -->
## Comments
-- vault/Projects/OTM/Specs/OTM-9 Paging spec.md --
---
id: OTM-9
title: Paging spec
kind: spec
status: open
parent: null
blocked_by: []
labels: []
assignee: null
---
<!-- otman:comments -->
## Comments
vault/Projects/OTM/Templates/
-- vault/Projects/OTM/Templates/OTM-50 Sample.md --
---
status: open
---
not an Item
vault/Projects/WEB/
vault/Projects/WEB/Issues/
-- vault/Projects/WEB/Issues/WEB-2 Fix the logo.md --
---
id: WEB-2
title: Fix the logo
kind: issue
status: closed
parent: null
blocked_by: []
labels: []
assignee: talvor
---
<!-- otman:comments -->
## Comments
vault/Projects/WEB/PRDs/
-- vault/Projects/WEB/PRDs/WEB-1 Landing page.md --
---
id: WEB-1
title: Landing page
kind: prd
status: open
parent: null
blocked_by: []
labels: []
assignee: null
---
Explain otman in one screen.
<!-- otman:comments -->
## Comments
-- vault/Projects/WEB/WEB.md --
---
name: otman website
kind: project
---
